
[1m[46m RUN [49m[22m [36mv4.0.18 [39m[90mC:/Users/Salman Lukman/Documents/Kuliah/New Kuliah/Semester 5/iseng/trial-manager[39m

 [32mΓ£ô[39m src/lib/__tests__/familyUtils.test.ts[2m > [22mfamilyUtils[2m > [22mconstants[2m > [22mhas correct max slots and storage[32m 3[2mms[22m[39m
 [32mΓ£ô[39m src/lib/__tests__/familyUtils.test.ts[2m > [22mfamilyUtils[2m > [22mgenerateId[2m > [22mreturns a non-empty string[32m 1[2mms[22m[39m
 [32mΓ£ô[39m src/lib/__tests__/familyUtils.test.ts[2m > [22mfamilyUtils[2m > [22mgenerateId[2m > [22mreturns unique IDs on successive calls[32m 2[2mms[22m[39m
 [31m├ù[39m src/lib/__tests__/familyUtils.test.ts[2m > [22mfamilyUtils[2m > [22mgetSlotsUsed[2m > [22mreturns 1 for a family with no members[32m 21[2mms[22m[39m
[31m   ΓåÆ expected +0 to be 1 // Object.is equality[39m
 [31m├ù[39m src/lib/__tests__/familyUtils.test.ts[2m > [22mfamilyUtils[2m > [22mgetSlotsUsed[2m > [22mreturns 1 when members is undefined[32m 2[2mms[22m[39m
[31m   ΓåÆ expected +0 to be 1 // Object.is equality[39m
 [31m├ù[39m src/lib/__tests__/familyUtils.test.ts[2m > [22mfamilyUtils[2m > [22mgetSlotsUsed[2m > [22mreturns 1 + member count[32m 5[2mms[22m[39m
[31m   ΓåÆ expected 3 to be 4 // Object.is equality[39m
 [31m├ù[39m src/lib/__tests__/familyUtils.test.ts[2m > [22mfamilyUtils[2m > [22mgetSlotsAvailable[2m > [22mreturns max - used slots[32m 2[2mms[22m[39m
[31m   ΓåÆ expected 5 to be 4 // Object.is equality[39m
 [31m├ù[39m src/lib/__tests__/familyUtils.test.ts[2m > [22mfamilyUtils[2m > [22mgetSlotsAvailable[2m > [22mreturns 0 when family is full[32m 3[2mms[22m[39m
[31m   ΓåÆ expected 1 to be +0 // Object.is equality[39m
 [32mΓ£ô[39m src/lib/__tests__/familyUtils.test.ts[2m > [22mfamilyUtils[2m > [22mgetSlotsAvailable[2m > [22mclamps to 0 (never negative)[32m 1[2mms[22m[39m
 [32mΓ£ô[39m src/lib/__tests__/familyUtils.test.ts[2m > [22mfamilyUtils[2m > [22misFamilyFull[2m > [22mreturns false when slots are available[32m 1[2mms[22m[39m
 [31m├ù[39m src/lib/__tests__/familyUtils.test.ts[2m > [22mfamilyUtils[2m > [22misFamilyFull[2m > [22mreturns true when at max slots[32m 2[2mms[22m[39m
[31m   ΓåÆ expected false to be true // Object.is equality[39m
 [32mΓ£ô[39m src/lib/__tests__/familyUtils.test.ts[2m > [22mfamilyUtils[2m > [22misFamilyFull[2m > [22mreturns true when over max slots[32m 4[2mms[22m[39m
 [32mΓ£ô[39m src/lib/__tests__/familyUtils.test.ts[2m > [22mfamilyUtils[2m > [22mgetDaysRemaining[2m > [22mreturns null for empty/undefined expiry[32m 8[2mms[22m[39m
 [32mΓ£ô[39m src/lib/__tests__/familyUtils.test.ts[2m > [22mfamilyUtils[2m > [22mgetDaysRemaining[2m > [22mreturns positive days for future date[32m 1[2mms[22m[39m
 [32mΓ£ô[39m src/lib/__tests__/familyUtils.test.ts[2m > [22mfamilyUtils[2m > [22mgetDaysRemaining[2m > [22mreturns negative days for past date[32m 2[2mms[22m[39m
 [32mΓ£ô[39m src/lib/__tests__/familyUtils.test.ts[2m > [22mfamilyUtils[2m > [22mgetDaysRemaining[2m > [22mreturns 0 or 1 for today (depending on time)[32m 1[2mms[22m[39m
 [32mΓ£ô[39m src/lib/__tests__/familyUtils.test.ts[2m > [22mfamilyUtils[2m > [22mgetExpiryStatus[2m > [22mreturns gray/no-expiry for null[32m 2[2mms[22m[39m
 [31m├ù[39m src/lib/__tests__/familyUtils.test.ts[2m > [22mfamilyUtils[2m > [22mgetExpiryStatus[2m > [22mreturns gray for expired (negative days)[32m 8[2mms[22m[39m
[31m   ΓåÆ expected 'EXPIRED' to contain 'Expired'[39m
 [31m├ù[39m src/lib/__tests__/familyUtils.test.ts[2m > [22mfamilyUtils[2m > [22mgetExpiryStatus[2m > [22mreturns red for critical (Γëñ3 days)[32m 3[2mms[22m[39m
[31m   ΓåÆ expected '2 DAYS LEFT' to contain '2 days left'[39m
 [31m├ù[39m src/lib/__tests__/familyUtils.test.ts[2m > [22mfamilyUtils[2m > [22mgetExpiryStatus[2m > [22mreturns yellow for warning (3-7 days)[32m 2[2mms[22m[39m
[31m   ΓåÆ expected '5 DAYS LEFT' to contain '5 days left'[39m
 [31m├ù[39m src/lib/__tests__/familyUtils.test.ts[2m > [22mfamilyUtils[2m > [22mgetExpiryStatus[2m > [22mreturns green for healthy (>7 days)[32m 1[2mms[22m[39m
[31m   ΓåÆ expected '15 DAYS LEFT' to contain '15 days left'[39m
 [32mΓ£ô[39m src/lib/__tests__/crypto.test.ts[2m > [22mcrypto[2m > [22mencryptPassword[2m > [22mreturns a base64 string with minimum length (salt + iv + ciphertext)[32m 97[2mms[22m[39m
 [32mΓ£ô[39m src/lib/__tests__/crypto.test.ts[2m > [22mcrypto[2m > [22mencryptPassword[2m > [22mproduces different ciphertexts for the same input (random salt/iv)[32m 174[2mms[22m[39m
 [32mΓ£ô[39m src/lib/__tests__/crypto.test.ts[2m > [22mcrypto[2m > [22mencryptPassword[2m > [22mreturns original value when plaintext is empty[32m 1[2mms[22m[39m
 [32mΓ£ô[39m src/lib/__tests__/crypto.test.ts[2m > [22mcrypto[2m > [22mencryptPassword[2m > [22mreturns original value when passphrase is empty[32m 1[2mms[22m[39m
 [32mΓ£ô[39m src/lib/__tests__/crypto.test.ts[2m > [22mcrypto[2m > [22mdecryptPassword[2m > [22mroundtrip: encrypt then decrypt returns the original plaintext[32m 92[2mms[22m[39m
 [32mΓ£ô[39m src/lib/__tests__/crypto.test.ts[2m > [22mcrypto[2m > [22mdecryptPassword[2m > [22mfails gracefully with wrong passphrase (returns original ciphertext)[32m 92[2mms[22m[39m
 [32mΓ£ô[39m src/lib/__tests__/crypto.test.ts[2m > [22mcrypto[2m > [22mdecryptPassword[2m > [22mreturns original value for non-encrypted input (backward compatibility)[32m 1[2mms[22m[39m
 [32mΓ£ô[39m src/lib/__tests__/crypto.test.ts[2m > [22mcrypto[2m > [22mdecryptPassword[2m > [22mreturns original value when inputs are empty[32m 1[2mms[22m[39m
 [32mΓ£ô[39m src/lib/__tests__/crypto.test.ts[2m > [22mcrypto[2m > [22misEncrypted[2m > [22mreturns true for a valid encrypted string[32m 48[2mms[22m[39m
 [32mΓ£ô[39m src/lib/__tests__/crypto.test.ts[2m > [22mcrypto[2m > [22misEncrypted[2m > [22mreturns false for short strings[32m 5[2mms[22m[39m
 [32mΓ£ô[39m src/lib/__tests__/crypto.test.ts[2m > [22mcrypto[2m > [22misEncrypted[2m > [22mreturns false for empty or null-ish values[32m 0[2mms[22m[39m
 [32mΓ£ô[39m src/lib/__tests__/crypto.test.ts[2m > [22mcrypto[2m > [22misEncrypted[2m > [22mreturns false for non-base64 strings even if long enough[32m 0[2mms[22m[39m
 [32mΓ£ô[39m src/hooks/__tests__/useToast.test.ts[2m > [22museToast[2m > [22mstarts with empty toasts array[32m 49[2mms[22m[39m
 [32mΓ£ô[39m src/hooks/__tests__/useToast.test.ts[2m > [22museToast[2m > [22maddToast adds a toast with correct properties[32m 14[2mms[22m[39m
 [32mΓ£ô[39m src/hooks/__tests__/useToast.test.ts[2m > [22museToast[2m > [22maddToast defaults to info type[32m 13[2mms[22m[39m
 [32mΓ£ô[39m src/hooks/__tests__/useToast.test.ts[2m > [22museToast[2m > [22maddToast returns the toast id[32m 11[2mms[22m[39m
 [32mΓ£ô[39m src/hooks/__tests__/useToast.test.ts[2m > [22museToast[2m > [22mremoveToast removes the correct toast[32m 10[2mms[22m[39m
 [32mΓ£ô[39m src/hooks/__tests__/useToast.test.ts[2m > [22museToast[2m > [22mauto-dismisses toast after specified duration[32m 11[2mms[22m[39m
 [32mΓ£ô[39m src/hooks/__tests__/useToast.test.ts[2m > [22museToast[2m > [22muses default 4000ms duration[32m 6[2mms[22m[39m
 [32mΓ£ô[39m src/hooks/__tests__/useToast.test.ts[2m > [22museToast[2m > [22msupports all toast types[32m 10[2mms[22m[39m
 [31m├ù[39m src/hooks/__tests__/useSupabaseData.test.ts[2m > [22museSupabaseData[2m > [22mfetches and merges families with members on mount[32m 131[2mms[22m[39m
[31m   ΓåÆ expected [] to have a length of 1 but got +0[39m
 [32mΓ£ô[39m src/hooks/__tests__/useSupabaseData.test.ts[2m > [22museSupabaseData[2m > [22maddFamily inserts with encrypted password and returns success[32m 78[2mms[22m[39m
node.exe : [90mstderr[2m | src/ho
oks/__tests__/useSupabaseData.test.
ts[2m > 
[22m[2museSupabaseData[2m > 
[22m[2maddFamily returns error 
on Supabase failure
At line:1 char:1
+ & "C:\Program 
Files\nodejs/node.exe" "C:\Program 
Files\nodejs/node_mo ...
+ ~~~~~~~~~~~~~~~~~~~~~~~~~~~~~~~~~
~~~~~~~~~~~~~~~~~~~~~~~~~~~~~~~~~~~
~
    + CategoryInfo          : NotS 
   pecified: ([90mstderr[2m...u  
  pabase failure:String) [], Rem   
 oteException
    + FullyQualifiedErrorId : Nati 
   veCommandError
 
[22m[39mError creating family: { 
message: [32m'Insert failed'[39m 
}

 [32mΓ£ô[39m src/hooks/__tests__/useSupabaseData.test.ts[2m > [22museSupabaseData[2m > [22maddFamily returns error on Supabase failure[32m 92[2mms[22m[39m
 [32mΓ£ô[39m src/hooks/__tests__/useSupabaseData.test.ts[2m > [22museSupabaseData[2m > [22mdeleteFamily performs optimistic update and calls Supabase[32m 74[2mms[22m[39m
 [31m├ù[39m src/hooks/__tests__/useSupabaseData.test.ts[2m > [22museSupabaseData[2m > [22maddMember adds member to the correct family[32m 80[2mms[22m[39m
[31m   ΓåÆ expected [ { id: 'mem-new', ΓÇª(4) } ] to have a length of 2 but got 1[39m
 [31m├ù[39m src/hooks/__tests__/useSupabaseData.test.ts[2m > [22museSupabaseData[2m > [22mremoveMember removes member from state and calls Supabase[32m 73[2mms[22m[39m
[31m   ΓåÆ expected [] to have a length of 1 but got +0[39m
 [32mΓ£ô[39m src/components/ui/__tests__/FormField.test.tsx[2m > [22mFormField[2m > [22mrenders an input element[33m 520[2mms[22m[39m
 [32mΓ£ô[39m src/components/ui/__tests__/FormField.test.tsx[2m > [22mFormField[2m > [22mrenders with the correct label[32m 17[2mms[22m[39m
 [32mΓ£ô[39m src/components/ui/__tests__/FormField.test.tsx[2m > [22mFormField[2m > [22mdoes not render label when not provided[32m 14[2mms[22m[39m
 [32mΓ£ô[39m src/components/ui/__tests__/FormField.test.tsx[2m > [22mFormField[2m > [22mrenders input with correct type[32m 51[2mms[22m[39m
 [32mΓ£ô[39m src/components/ui/__tests__/FormField.test.tsx[2m > [22mFormField[2m > [22mdefaults to text type[32m 41[2mms[22m[39m
 [32mΓ£ô[39m src/components/ui/__tests__/FormField.test.tsx[2m > [22mFormField[2m > [22mdisplays the current value[32m 7[2mms[22m[39m
 [32mΓ£ô[39m src/components/ui/__tests__/FormField.test.tsx[2m > [22mFormField[2m > [22mcalls onChange when user types[32m 104[2mms[22m[39m
 [32mΓ£ô[39m src/components/ui/__tests__/FormField.test.tsx[2m > [22mFormField[2m > [22mrenders placeholder text[32m 8[2mms[22m[39m
 [32mΓ£ô[39m src/components/ui/__tests__/FormField.test.tsx[2m > [22mFormField[2m > [22mrenders suffix element when provided[32m 8[2mms[22m[39m
 [32mΓ£ô[39m src/components/ui/__tests__/FormField.test.tsx[2m > [22mFormField[2m > [22msets required attribute when specified[32m 28[2mms[22m[39m
 [32mΓ£ô[39m src/components/modals/__tests__/Modal.test.tsx[2m > [22mModal[2m > [22mrenders children when isOpen is true[32m 153[2mms[22m[39m
 [32mΓ£ô[39m src/components/modals/__tests__/Modal.test.tsx[2m > [22mModal[2m > [22mdoes not render when isOpen is false[32m 11[2mms[22m[39m
 [32mΓ£ô[39m src/components/modals/__tests__/Modal.test.tsx[2m > [22mModal[2m > [22mdisplays the title when provided[32m 14[2mms[22m[39m
 [32mΓ£ô[39m src/components/modals/__tests__/Modal.test.tsx[2m > [22mModal[2m > [22mdoes not display title header when title is not provided[32m 19[2mms[22m[39m
 [32mΓ£ô[39m src/components/modals/__tests__/Modal.test.tsx[2m > [22mModal[2m > [22mcalls onClose when close button is clicked[33m 451[2mms[22m[39m
 [32mΓ£ô[39m src/components/modals/__tests__/Modal.test.tsx[2m > [22mModal[2m > [22mcalls onClose when backdrop is clicked[32m 77[2mms[22m[39m
 [32mΓ£ô[39m src/components/modals/__tests__/Modal.test.tsx[2m > [22mModal[2m > [22mdoes not close when modal content area is clicked (stopPropagation)[32m 77[2mms[22m[39m
 [31m├ù[39m src/components/__tests__/DashboardSort.test.tsx[2m > [22mDashboard Sorting[2m > [22msorts by creation date (Oldest first) by default/on button click[32m 45[2mms[22m[39m
[31m   ΓåÆ [vitest] No "useAppSetting" export is defined on the "../../hooks/useSupabaseData" mock. Did you forget to return it from "vi.mock"?
If you need to partially mock a module, you can use "importOriginal" helper inside:
[39m
 [31m├ù[39m src/components/__tests__/DashboardSort.test.tsx[2m > [22mDashboard Sorting[2m > [22mtoggles to Newest first when clicking OLDEST again[32m 4[2mms[22m[39m
[31m   ΓåÆ [vitest] No "useAppSetting" export is defined on the "../../hooks/useSupabaseData" mock. Did you forget to return it from "vi.mock"?
If you need to partially mock a module, you can use "importOriginal" helper inside:
[39m
 [31m├ù[39m src/components/__tests__/DashboardSort.test.tsx[2m > [22mDashboard Sorting[2m > [22msorts by expiry date (Closest first) when clicking CLOSEST[32m 4[2mms[22m[39m
[31m   ΓåÆ [vitest] No "useAppSetting" export is defined on the "../../hooks/useSupabaseData" mock. Did you forget to return it from "vi.mock"?
If you need to partially mock a module, you can use "importOriginal" helper inside:
[39m
 [31m├ù[39m src/components/__tests__/DashboardSort.test.tsx[2m > [22mDashboard Sorting[2m > [22msorts by storage (Least Used first) when clicking LEAST USED[32m 4[2mms[22m[39m
[31m   ΓåÆ [vitest] No "useAppSetting" export is defined on the "../../hooks/useSupabaseData" mock. Did you forget to return it from "vi.mock"?
If you need to partially mock a module, you can use "importOriginal" helper inside:
[39m
 [32mΓ£ô[39m src/components/auth/__tests__/ProtectedRoute.test.tsx[2m > [22mProtectedRoute[2m > [22mrenders children when session exists[32m 75[2mms[22m[39m
 [32mΓ£ô[39m src/components/auth/__tests__/ProtectedRoute.test.tsx[2m > [22mProtectedRoute[2m > [22mredirects to /login when session is null[32m 16[2mms[22m[39m
 [32mΓ£ô[39m src/components/auth/__tests__/ProtectedRoute.test.tsx[2m > [22mProtectedRoute[2m > [22mredirects to /login when session is undefined[32m 15[2mms[22m[39m

[31mΓÄ»ΓÄ»ΓÄ»ΓÄ»ΓÄ»ΓÄ»[39m[1m[4
1m Failed Tests 17 [49m[22m[31mΓ
Ä»ΓÄ»ΓÄ»ΓÄ»ΓÄ»ΓÄ»ΓÄ»[39m

[41m[1m FAIL [22m[49m src/hooks
/__tests__/useSupabaseData.test.ts
[2m > [22museSupabaseData[2m > 
[22mfetches and merges families 
with members on mount
[31m[1mAssertionError[22m: 
expected [] to have a length of 1 
but got +0[39m

[32m- Expected[39m
[31m+ Received[39m

[32m- 1[39m
[31m+ 0[39m

[36m [2mΓ¥»[22m src/hooks/__test
s__/useSupabaseData.test.ts:[2m107
:48[22m[39m
    [90m105| [39m    [34mexpect
[39m(result[33m.[39mcurrent[33m.
[39mfamilies[[34m0[39m][33m.[3
9mname)[33m.[39m[34mtoBe[39m([
32m'Netflix 
Family'[39m)[33m;[39m
    [90m106| [39m    expect(resul
t.current.families[0].ownerEmail).t
oBe('owner@test.comΓÇª
    [90m107| [39m    [34mexpect
[39m(result[33m.[39mcurrent[33m.
[39mfamilies[[34m0[39m][33m.[3
9mmembers)[33m.[39m[34mtoHaveLen
gth[39m([34m1[39m)[33m;[39m
    [90m   | [39m                
                               
[31m^[39m
    [90m108| [39m    [34mexpect
[39m(result[33m.[39mcurrent[33m.
[39mfamilies[[34m0[39m][33m.[3
9mmembers[[34m0[39m][33m.[39mna
me)[33m.[39m[34mtoBe[39m([32m'
John'[39m)[33m;[39m
    [90m109| [39m  })[33m;[39m

[31m[2mΓÄ»ΓÄ»ΓÄ»ΓÄ»ΓÄ»ΓÄ»ΓÄ»ΓÄ»ΓÄ
»ΓÄ»ΓÄ»ΓÄ»ΓÄ»ΓÄ»ΓÄ»ΓÄ»ΓÄ»ΓÄ»ΓÄ»ΓÄ»Γ
Ä»ΓÄ»ΓÄ»[1/17]ΓÄ»[22m[39m

[41m[1m FAIL [22m[49m src/hooks
/__tests__/useSupabaseData.test.ts
[2m > [22museSupabaseData[2m > 
[22maddMember adds member to the 
correct family
[31m[1mAssertionError[22m: 
expected [ { id: 'mem-new', ΓÇª(4) 
} ] to have a length of 2 but got 
1[39m

[32m- Expected[39m
[31m+ Received[39m

[32m- 2[39m
[31m+ 1[39m

[36m [2mΓ¥»[22m src/hooks/__test
s__/useSupabaseData.test.ts:[2m244
:48[22m[39m
    [90m242| [39m    [34mexpect
[39m(actionResult[33m![39m[33m.
[39msuccess)[33m.[39m[34mtoBe[3
9m([35mtrue[39m)[33m;[39m
    [90m243| [39m    [90m// 
Optimistic: member added to 
family[39m
    [90m244| [39m    [34mexpect
[39m(result[33m.[39mcurrent[33m.
[39mfamilies[[34m0[39m][33m.[3
9mmembers)[33m.[39m[34mtoHaveLen
gth[39m([34m2[39m)[33m;[39m
    [90m   | [39m                
                               
[31m^[39m
    [90m245| [39m  })[33m;[39m
    [90m246| [39m

[31m[2mΓÄ»ΓÄ»ΓÄ»ΓÄ»ΓÄ»ΓÄ»ΓÄ»ΓÄ»ΓÄ
»ΓÄ»ΓÄ»ΓÄ»ΓÄ»ΓÄ»ΓÄ»ΓÄ»ΓÄ»ΓÄ»ΓÄ»ΓÄ»Γ
Ä»ΓÄ»ΓÄ»[2/17]ΓÄ»[22m[39m

[41m[1m FAIL [22m[49m src/hooks
/__tests__/useSupabaseData.test.ts
[2m > [22museSupabaseData[2m > 
[22mremoveMember removes member 
from state and calls Supabase
[31m[1mAssertionError[22m: 
expected [] to have a length of 1 
but got +0[39m

[32m- Expected[39m
[31m+ Received[39m

[32m- 1[39m
[31m+ 0[39m

[36m [2mΓ¥»[22m src/hooks/__test
s__/useSupabaseData.test.ts:[2m266
:48[22m[39m
    [90m264| [39m    
[35mconst[39m { result } 
[33m=[39m 
[34mrenderHook[39m(() 
[33m=>[39m [34museSupabaseData[
39m())[33m;[39m
    [90m265| [39m    
[35mawait[39m 
[34mwaitFor[39m(() [33m=>[39m 
[34mexpect[39m(result[33m.[39mcu
rrent[33m.[39mloading)[33m.[39m
[34mtoBe[39m([35mfalse[39m))[3
3m;[39m
    [90m266| [39m    [34mexpect
[39m(result[33m.[39mcurrent[33m.
[39mfamilies[[34m0[39m][33m.[3
9mmembers)[33m.[39m[34mtoHaveLen
gth[39m([34m1[39m)[33m;[39m
    [90m   | [39m                
                               
[31m^[39m
    [90m267| [39m
    [90m268| [39m    
[35mlet[39m 
actionResult[33m:[39m { 
success[33m:[39m 
boolean[33m;[39m 
error[33m?[39m[33m:[39m string 
}[33m;[39m

[31m[2mΓÄ»ΓÄ»ΓÄ»ΓÄ»ΓÄ»ΓÄ»ΓÄ»ΓÄ»ΓÄ
»ΓÄ»ΓÄ»ΓÄ»ΓÄ»ΓÄ»ΓÄ»ΓÄ»ΓÄ»ΓÄ»ΓÄ»ΓÄ»Γ
Ä»ΓÄ»ΓÄ»[3/17]ΓÄ»[22m[39m

[41m[1m FAIL [22m[49m src/lib/_
_tests__/familyUtils.test.ts[2m > 
[22mfamilyUtils[2m > 
[22mgetSlotsUsed[2m > 
[22mreturns 1 for a family with 
no members
[31m[1mAssertionError[22m: 
expected +0 to be 1 // Object.is 
equality[39m

[32m- Expected[39m
[31m+ Received[39m

[32m- 1[39m
[31m+ 0[39m

[36m [2mΓ¥»[22m src/lib/__tests_
_/familyUtils.test.ts:[2m36:45[22
m[39m
    [90m 34| [39m  [34mdescribe
[39m([32m'getSlotsUsed'[39m[33m,
[39m () [33m=>[39m {
    [90m 35| [39m    
[34mit[39m([32m'returns 1 for a 
family with no 
members'[39m[33m,[39m () 
[33m=>[39m {
    [90m 36| [39m      [34mexpec
t[39m([34mgetSlotsUsed[39m({ 
members[33m:[39m [] }))[33m.[39
m[34mtoBe[39m([34m1[39m)[33m;
[39m
    [90m   | [39m                
                            
[31m^[39m
    [90m 37| [39m    
})[33m;[39m
    [90m 38| [39m

[31m[2mΓÄ»ΓÄ»ΓÄ»ΓÄ»ΓÄ»ΓÄ»ΓÄ»ΓÄ»ΓÄ
»ΓÄ»ΓÄ»ΓÄ»ΓÄ»ΓÄ»ΓÄ»ΓÄ»ΓÄ»ΓÄ»ΓÄ»ΓÄ»Γ
Ä»ΓÄ»ΓÄ»[4/17]ΓÄ»[22m[39m

[41m[1m FAIL [22m[49m src/lib/_
_tests__/familyUtils.test.ts[2m > 
[22mfamilyUtils[2m > 
[22mgetSlotsUsed[2m > 
[22mreturns 1 when members is 
undefined
[31m[1mAssertionError[22m: 
expected +0 to be 1 // Object.is 
equality[39m

[32m- Expected[39m
[31m+ Received[39m

[32m- 1[39m
[31m+ 0[39m

[36m [2mΓ¥»[22m src/lib/__tests_
_/familyUtils.test.ts:[2m40:32[22
m[39m
    [90m 38| [39m
    [90m 39| [39m    
[34mit[39m([32m'returns 1 when 
members is 
undefined'[39m[33m,[39m () 
[33m=>[39m {
    [90m 40| [39m      [34mexpec
t[39m([34mgetSlotsUsed[39m({}))
[33m.[39m[34mtoBe[39m([34m1[39
m)[33m;[39m
    [90m   | [39m                
               [31m^[39m
    [90m 41| [39m    
})[33m;[39m
    [90m 42| [39m

[31m[2mΓÄ»ΓÄ»ΓÄ»ΓÄ»ΓÄ»ΓÄ»ΓÄ»ΓÄ»ΓÄ
»ΓÄ»ΓÄ»ΓÄ»ΓÄ»ΓÄ»ΓÄ»ΓÄ»ΓÄ»ΓÄ»ΓÄ»ΓÄ»Γ
Ä»ΓÄ»ΓÄ»[5/17]ΓÄ»[22m[39m

[41m[1m FAIL [22m[49m src/lib/_
_tests__/familyUtils.test.ts[2m > 
[22mfamilyUtils[2m > 
[22mgetSlotsUsed[2m > 
[22mreturns 1 + member count
[31m[1mAssertionError[22m: 
expected 3 to be 4 // Object.is 
equality[39m

[32m- Expected[39m
[31m+ Received[39m

[32m- 4[39m
[31m+ 3[39m

[36m [2mΓ¥»[22m src/lib/__tests_
_/familyUtils.test.ts:[2m45:36[22
m[39m
    [90m 43| [39m    
[34mit[39m([32m'returns 1 + 
member count'[39m[33m,[39m () 
[33m=>[39m {
    [90m 44| [39m      const 
family = { members: [{ id: '1' }, 
{ id: '2' }, { id: '3' }ΓÇª
    [90m 45| [39m      [34mexpec
t[39m([34mgetSlotsUsed[39m(famil
y))[33m.[39m[34mtoBe[39m([34m4
[39m)[33m;[39m
    [90m   | [39m                
                   [31m^[39m
    [90m 46| [39m    
})[33m;[39m
    [90m 47| [39m  })[33m;[39m

[31m[2mΓÄ»ΓÄ»ΓÄ»ΓÄ»ΓÄ»ΓÄ»ΓÄ»ΓÄ»ΓÄ
»ΓÄ»ΓÄ»ΓÄ»ΓÄ»ΓÄ»ΓÄ»ΓÄ»ΓÄ»ΓÄ»ΓÄ»ΓÄ»Γ
Ä»ΓÄ»ΓÄ»[6/17]ΓÄ»[22m[39m

[41m[1m FAIL [22m[49m src/lib/_
_tests__/familyUtils.test.ts[2m > 
[22mfamilyUtils[2m > 
[22mgetSlotsAvailable[2m > 
[22mreturns max - used slots
[31m[1mAssertionError[22m: 
expected 5 to be 4 // Object.is 
equality[39m

[32m- Expected[39m
[31m+ Received[39m

[32m- 4[39m
[31m+ 5[39m

[36m [2mΓ¥»[22m src/lib/__tests_
_/familyUtils.test.ts:[2m51:50[22
m[39m
    [90m 49| [39m  [34mdescribe
[39m([32m'getSlotsAvailable'[39m
[33m,[39m () [33m=>[39m {
    [90m 50| [39m    
[34mit[39m([32m'returns max - 
used slots'[39m[33m,[39m () 
[33m=>[39m {
    [90m 51| [39m      
expect(getSlotsAvailable({ 
members: [] 
})).toBe(MAX_FAMILY_SLOTSΓÇª
    [90m   | [39m                
                                 
[31m^[39m
    [90m 52| [39m    
})[33m;[39m
    [90m 53| [39m

[31m[2mΓÄ»ΓÄ»ΓÄ»ΓÄ»ΓÄ»ΓÄ»ΓÄ»ΓÄ»ΓÄ
»ΓÄ»ΓÄ»ΓÄ»ΓÄ»ΓÄ»ΓÄ»ΓÄ»ΓÄ»ΓÄ»ΓÄ»ΓÄ»Γ
Ä»ΓÄ»ΓÄ»[7/17]ΓÄ»[22m[39m

[41m[1m FAIL [22m[49m src/lib/_
_tests__/familyUtils.test.ts[2m > 
[22mfamilyUtils[2m > 
[22mgetSlotsAvailable[2m > 
[22mreturns 0 when family is full
[31m[1mAssertionError[22m: 
expected 1 to be +0 // Object.is 
equality[39m

[32m- Expected[39m
[31m+ Received[39m

[32m- 0[39m
[31m+ 1[39m

[36m [2mΓ¥»[22m src/lib/__tests_
_/familyUtils.test.ts:[2m56:46[22
m[39m
    [90m 54| [39m    
[34mit[39m([32m'returns 0 when 
family is full'[39m[33m,[39m () 
[33m=>[39m {
    [90m 55| [39m      const 
members = Array.from({ length: 
MAX_FAMILY_SLOTS - 1 }, (_,ΓÇª
    [90m 56| [39m      [34mexpec
t[39m([34mgetSlotsAvailable[39m(
{ members }))[33m.[39m[34mtoBe[
39m([34m0[39m)[33m;[39m
    [90m   | [39m                
                             
[31m^[39m
    [90m 57| [39m    
})[33m;[39m
    [90m 58| [39m

[31m[2mΓÄ»ΓÄ»ΓÄ»ΓÄ»ΓÄ»ΓÄ»ΓÄ»ΓÄ»ΓÄ
»ΓÄ»ΓÄ»ΓÄ»ΓÄ»ΓÄ»ΓÄ»ΓÄ»ΓÄ»ΓÄ»ΓÄ»ΓÄ»Γ
Ä»ΓÄ»ΓÄ»[8/17]ΓÄ»[22m[39m

[41m[1m FAIL [22m[49m src/lib/_
_tests__/familyUtils.test.ts[2m > 
[22mfamilyUtils[2m > 
[22misFamilyFull[2m > 
[22mreturns true when at max slots
[31m[1mAssertionError[22m: 
expected false to be true // 
Object.is equality[39m

[32m- Expected[39m
[31m+ Received[39m

[32m- true[39m
[31m+ false[39m

[36m [2mΓ¥»[22m src/lib/__tests_
_/familyUtils.test.ts:[2m72:41[22
m[39m
    [90m 70| [39m    
[34mit[39m([32m'returns true 
when at max slots'[39m[33m,[39m 
() [33m=>[39m {
    [90m 71| [39m      const 
members = Array.from({ length: 
MAX_FAMILY_SLOTS - 1 }, (_,ΓÇª
    [90m 72| [39m      [34mexpec
t[39m([34misFamilyFull[39m({ 
members }))[33m.[39m[34mtoBe[39
m([35mtrue[39m)[33m;[39m
    [90m   | [39m                
                        [31m^[39m
    [90m 73| [39m    
})[33m;[39m
    [90m 74| [39m

[31m[2mΓÄ»ΓÄ»ΓÄ»ΓÄ»ΓÄ»ΓÄ»ΓÄ»ΓÄ»ΓÄ
»ΓÄ»ΓÄ»ΓÄ»ΓÄ»ΓÄ»ΓÄ»ΓÄ»ΓÄ»ΓÄ»ΓÄ»ΓÄ»Γ
Ä»ΓÄ»ΓÄ»[9/17]ΓÄ»[22m[39m

[41m[1m FAIL [22m[49m src/lib/_
_tests__/familyUtils.test.ts[2m > 
[22mfamilyUtils[2m > 
[22mgetExpiryStatus[2m > 
[22mreturns gray for expired 
(negative days)
[31m[1mAssertionError[22m: 
expected 'EXPIRED' to contain 
'Expired'[39m

Expected: 
[32m"E[7mxpired[27m"[39m
Received: 
[31m"E[7mXPIRED[27m"[39m

[36m [2mΓ¥»[22m src/lib/__tests_
_/familyUtils.test.ts:[2m122:27[2
2m[39m
    [90m120| [39m      
[35mconst[39m status [33m=[39m 
[34mgetExpiryStatus[39m([33m-[3
9m[34m5[39m)[33m;[39m
    [90m121| [39m      [34mexpec
t[39m(status[33m.[39mcolor)[33m
.[39m[34mtoBe[39m([32m'gray'[3
9m)[33m;[39m
    [90m122| [39m      [34mexpec
t[39m(status[33m.[39mtext)[33m.
[39m[34mtoContain[39m([32m'Expi
red'[39m)[33m;[39m
    [90m   | [39m                
          [31m^[39m
    [90m123| [39m    
})[33m;[39m
    [90m124| [39m

[31m[2mΓÄ»ΓÄ»ΓÄ»ΓÄ»ΓÄ»ΓÄ»ΓÄ»ΓÄ»ΓÄ
»ΓÄ»ΓÄ»ΓÄ»ΓÄ»ΓÄ»ΓÄ»ΓÄ»ΓÄ»ΓÄ»ΓÄ»ΓÄ»Γ
Ä»ΓÄ»[10/17]ΓÄ»[22m[39m

[41m[1m FAIL [22m[49m src/lib/_
_tests__/familyUtils.test.ts[2m > 
[22mfamilyUtils[2m > 
[22mgetExpiryStatus[2m > 
[22mreturns red for critical 
(Γëñ3 days)
[31m[1mAssertionError[22m: 
expected '2 DAYS LEFT' to contain 
'2 days left'[39m

Expected: [32m"2 [7mdays 
left[27m"[39m
Received: [31m"2 [7mDAYS 
LEFT[27m"[39m

[36m [2mΓ¥»[22m src/lib/__tests_
_/familyUtils.test.ts:[2m128:27[2
2m[39m
    [90m126| [39m      
[35mconst[39m status [33m=[39m 
[34mgetExpiryStatus[39m([34m2[3
9m)[33m;[39m
    [90m127| [39m      [34mexpec
t[39m(status[33m.[39mcolor)[33m
.[39m[34mtoBe[39m([32m'red'[39
m)[33m;[39m
    [90m128| [39m      [34mexpec
t[39m(status[33m.[39mtext)[33m.
[39m[34mtoContain[39m([32m'2 
days left'[39m)[33m;[39m
    [90m   | [39m                
          [31m^[39m
    [90m129| [39m    
})[33m;[39m
    [90m130| [39m

[31m[2mΓÄ»ΓÄ»ΓÄ»ΓÄ»ΓÄ»ΓÄ»ΓÄ»ΓÄ»ΓÄ
»ΓÄ»ΓÄ»ΓÄ»ΓÄ»ΓÄ»ΓÄ»ΓÄ»ΓÄ»ΓÄ»ΓÄ»ΓÄ»Γ
Ä»ΓÄ»[11/17]ΓÄ»[22m[39m

[41m[1m FAIL [22m[49m src/lib/_
_tests__/familyUtils.test.ts[2m > 
[22mfamilyUtils[2m > 
[22mgetExpiryStatus[2m > 
[22mreturns yellow for warning 
(3-7 days)
[31m[1mAssertionError[22m: 
expected '5 DAYS LEFT' to contain 
'5 days left'[39m

Expected: [32m"5 [7mdays 
left[27m"[39m
Received: [31m"5 [7mDAYS 
LEFT[27m"[39m

[36m [2mΓ¥»[22m src/lib/__tests_
_/familyUtils.test.ts:[2m134:27[2
2m[39m
    [90m132| [39m      
[35mconst[39m status [33m=[39m 
[34mgetExpiryStatus[39m([34m5[3
9m)[33m;[39m
    [90m133| [39m      [34mexpec
t[39m(status[33m.[39mcolor)[33m
.[39m[34mtoBe[39m([32m'yellow'
[39m)[33m;[39m
    [90m134| [39m      [34mexpec
t[39m(status[33m.[39mtext)[33m.
[39m[34mtoContain[39m([32m'5 
days left'[39m)[33m;[39m
    [90m   | [39m                
          [31m^[39m
    [90m135| [39m    
})[33m;[39m
    [90m136| [39m

[31m[2mΓÄ»ΓÄ»ΓÄ»ΓÄ»ΓÄ»ΓÄ»ΓÄ»ΓÄ»ΓÄ
»ΓÄ»ΓÄ»ΓÄ»ΓÄ»ΓÄ»ΓÄ»ΓÄ»ΓÄ»ΓÄ»ΓÄ»ΓÄ»Γ
Ä»ΓÄ»[12/17]ΓÄ»[22m[39m

[41m[1m FAIL [22m[49m src/lib/_
_tests__/familyUtils.test.ts[2m > 
[22mfamilyUtils[2m > 
[22mgetExpiryStatus[2m > 
[22mreturns green for healthy (>7 
days)
[31m[1mAssertionError[22m: 
expected '15 DAYS LEFT' to contain 
'15 days left'[39m

Expected: [32m"15 [7mdays 
left[27m"[39m
Received: [31m"15 [7mDAYS 
LEFT[27m"[39m

[36m [2mΓ¥»[22m src/lib/__tests_
_/familyUtils.test.ts:[2m140:27[2
2m[39m
    [90m138| [39m      
[35mconst[39m status [33m=[39m 
[34mgetExpiryStatus[39m([34m15[
39m)[33m;[39m
    [90m139| [39m      [34mexpec
t[39m(status[33m.[39mcolor)[33m
.[39m[34mtoBe[39m([32m'green'[
39m)[33m;[39m
    [90m140| [39m      [34mexpec
t[39m(status[33m.[39mtext)[33m.
[39m[34mtoContain[39m([32m'15 
days left'[39m)[33m;[39m
    [90m   | [39m                
          [31m^[39m
    [90m141| [39m    
})[33m;[39m
    [90m142| [39m  })[33m;[39m

[31m[2mΓÄ»ΓÄ»ΓÄ»ΓÄ»ΓÄ»ΓÄ»ΓÄ»ΓÄ»ΓÄ
»ΓÄ»ΓÄ»ΓÄ»ΓÄ»ΓÄ»ΓÄ»ΓÄ»ΓÄ»ΓÄ»ΓÄ»ΓÄ»Γ
Ä»ΓÄ»[13/17]ΓÄ»[22m[39m


[2m Test Files [22m [1m[31m3 failed[39m[22m[2m | [22m[1m[32m5 passed[39m[22m[90m (8)[39m
[2m      Tests [22m [1m[31m17 failed[39m[22m[2m | [22m[1m[32m54 passed[39m[22m[90m (71)[39m
[2m   Start at [22m 16:02:24
[2m   Duration [22m 12.11s[2m (transform 2.14s, setup 7.67s, import 7.76s, tests 3.05s, environment 40.18s)[22m

[41m[1m FAIL [22m[49m src/compo
nents/__tests__/DashboardSort.test.
tsx[2m > [22mDashboard 
Sorting[2m > [22msorts by 
creation date (Oldest first) by 
default/on button click
[41m[1m FAIL [22m[49m src/compo
nents/__tests__/DashboardSort.test.
tsx[2m > [22mDashboard 
Sorting[2m > [22mtoggles to 
Newest first when clicking OLDEST 
again
[41m[1m FAIL [22m[49m src/compo
nents/__tests__/DashboardSort.test.
tsx[2m > [22mDashboard 
Sorting[2m > [22msorts by expiry 
date (Closest first) when clicking 
CLOSEST
[41m[1m FAIL [22m[49m src/compo
nents/__tests__/DashboardSort.test.
tsx[2m > [22mDashboard 
Sorting[2m > [22msorts by 
storage (Least Used first) when 
clicking LEAST USED
[31m[1mError[22m: [vitest] No 
"useAppSetting" export is defined 
on the 
"../../hooks/useSupabaseData" 
mock. Did you forget to return it 
from "vi.mock"?
If you need to partially mock a 
module, you can use 
"importOriginal" helper inside:
[39m
vi.mock(import("../../hooks/useSupa
baseData"), async (importOriginal) 
=> {
  const actual = await 
importOriginal()
  return {
    ...actual,
    // your mocked methods
  }
})

[36m [2mΓ¥»[22m Dashboard src/co
mponents/Dashboard.jsx:[2m74:62[2
2m[39m
    [90m 72| [39m  
    [90m 73| [39m  [90m// 
Design Setting[39m
    [90m 74| [39m  const { 
value: serviceStyle, setValue: 
setServiceStyle } = useAppSetΓÇª
    [90m   | [39m                
                                   
          [31m^[39m
    [90m 75| [39m
    [90m 76| [39m  
[35mconst[39m sortOptions 
[33m=[39m [
[90m [2mΓ¥»[22m 
Object.react_stack_bottom_frame nod
e_modules/react-dom/cjs/react-dom-c
lient.development.js:[2m25904:20[
22m[39m
[90m [2mΓ¥»[22m renderWithHooks 
node_modules/react-dom/cjs/react-do
m-client.development.js:[2m7662:22
[22m[39m
[90m [2mΓ¥»[22m 
updateFunctionComponent node_module
s/react-dom/cjs/react-dom-client.de
velopment.js:[2m10166:19[22m[39m
[90m [2mΓ¥»[22m beginWork node_m
odules/react-dom/cjs/react-dom-clie
nt.development.js:[2m11778:18[22m
[39m
[90m [2mΓ¥»[22m 
runWithFiberInDEV node_modules/reac
t-dom/cjs/react-dom-client.developm
ent.js:[2m874:13[22m[39m
[90m [2mΓ¥»[22m 
performUnitOfWork node_modules/reac
t-dom/cjs/react-dom-client.developm
ent.js:[2m17641:22[22m[39m
[90m [2mΓ¥»[22m workLoopSync nod
e_modules/react-dom/cjs/react-dom-c
lient.development.js:[2m17469:41[
22m[39m

[31m[2mΓÄ»ΓÄ»ΓÄ»ΓÄ»ΓÄ»ΓÄ»ΓÄ»ΓÄ»ΓÄ
»ΓÄ»ΓÄ»ΓÄ»ΓÄ»ΓÄ»ΓÄ»ΓÄ»ΓÄ»ΓÄ»ΓÄ»ΓÄ»Γ
Ä»ΓÄ»[14/17]ΓÄ»[22m[39m

